[themes.iamabdus.com/star/1.3/index.html]
[backblue.gif]
[fade.gif]
[index.html]
[themes.iamabdus.com/star/1.3/plugins/jquery-ui/jquery-ui.min.css]
[themes.iamabdus.com/star/1.3/plugins/bootstrap/css/bootstrap.min.css]
[themes.iamabdus.com/star/1.3/plugins/font-awesome/css/font-awesome.min.css]
[themes.iamabdus.com/star/1.3/plugins/selectbox/select_option1.css]
[themes.iamabdus.com/star/1.3/plugins/datepicker/datepicker.css]
[themes.iamabdus.com/star/1.3/plugins/isotope/jquery.fancybox.css]
[themes.iamabdus.com/star/1.3/plugins/isotope/isotope.css]
[themes.iamabdus.com/star/1.3/plugins/revolution/css/settings.css]
[themes.iamabdus.com/star/1.3/plugins/revolution/css/layers.css]
[themes.iamabdus.com/star/1.3/plugins/revolution/css/navigation.css]
[themes.iamabdus.com/star/1.3/css/style.css]
[themes.iamabdus.com/star/1.3/css/colors/default.css]
[themes.iamabdus.com/star/1.3/img/favicon.png]
[themes.iamabdus.com/star/1.3/index-2.html]
[themes.iamabdus.com/star/1.3/index-v2.html]
[themes.iamabdus.com/star/1.3/index-v3.html]
[themes.iamabdus.com/star/1.3/packages-grid-left-sidebar.html]
[themes.iamabdus.com/star/1.3/packages-grid-right-sidebar.html]
[themes.iamabdus.com/star/1.3/packages-grid.html]
[themes.iamabdus.com/star/1.3/packages-list-left-sidebar.html]
[themes.iamabdus.com/star/1.3/packages-list-right-sidebar.html]
[themes.iamabdus.com/star/1.3/packages-list.html]
[themes.iamabdus.com/star/1.3/single-package-left-sidebar.html]
[themes.iamabdus.com/star/1.3/single-package-right-sidebar.html]
[themes.iamabdus.com/star/1.3/single-package-fullwidth.html]
[themes.iamabdus.com/star/1.3/booking-1.html]
[themes.iamabdus.com/star/1.3/booking-2.html]
[themes.iamabdus.com/star/1.3/booking-3.html]
[themes.iamabdus.com/star/1.3/hotels-grid-left-sidebar.html]
[themes.iamabdus.com/star/1.3/hotels-grid-right-sidebar.html]
[themes.iamabdus.com/star/1.3/hotels-grid.html]
[themes.iamabdus.com/star/1.3/hotels-list-left-sidebar.html]
[themes.iamabdus.com/star/1.3/hotels-list-right-sidebar.html]
[themes.iamabdus.com/star/1.3/hotels-list.html]
[themes.iamabdus.com/star/1.3/single-hotel-left-sidebar.html]
[themes.iamabdus.com/star/1.3/single-hotel-right-sidebar.html]
[themes.iamabdus.com/star/1.3/single-hotel-fullwidth.html]
[themes.iamabdus.com/star/1.3/about-us.html]
[themes.iamabdus.com/star/1.3/contact.html]
[themes.iamabdus.com/star/1.3/gallery-grid.html]
[themes.iamabdus.com/star/1.3/gallery-masonry.html]
[themes.iamabdus.com/star/1.3/gallery-photo-slider.html]
[themes.iamabdus.com/star/1.3/destination-cities.html]
[themes.iamabdus.com/star/1.3/destination-single-city.html]
[themes.iamabdus.com/star/1.3/404.html]
[themes.iamabdus.com/star/1.3/coming-soon.html]
[themes.iamabdus.com/star/1.3/blog-grid-three-col.html]
[themes.iamabdus.com/star/1.3/blog-grid-two-col.html]
[themes.iamabdus.com/star/1.3/blog-list-right-sidebar.html]
[themes.iamabdus.com/star/1.3/blog-list-left-sidebar.html]
[themes.iamabdus.com/star/1.3/blog-list-fullwidth.html]
[themes.iamabdus.com/star/1.3/blog-single-right-sidebar.html]
[themes.iamabdus.com/star/1.3/blog-single-left-sidebar.html]
[themes.iamabdus.com/star/1.3/dashboard.html]
[themes.iamabdus.com/star/1.3/booking.html]
[themes.iamabdus.com/star/1.3/profile.html]
[themes.iamabdus.com/star/1.3/setting.html]
[themes.iamabdus.com/star/1.3/accordion-and-toggles.html]
[themes.iamabdus.com/star/1.3/tabs-and-dropdown.html]
[themes.iamabdus.com/star/1.3/pricing-table.html]
[themes.iamabdus.com/star/1.3/img/home/slider/slider-01.jpg]
[themes.iamabdus.com/star/1.3/img/home/slider/slider-02.jpg]
[themes.iamabdus.com/star/1.3/img/home/slider/slider-03.jpg]
[themes.iamabdus.com/star/1.3/img/home/slider/slider-04.jpg]
[themes.iamabdus.com/star/1.3/img/home/deal/deal-01.jpg]
[themes.iamabdus.com/star/1.3/img/home/deal/deal-02.jpg]
[themes.iamabdus.com/star/1.3/img/home/deal/deal-03.jpg]
[themes.iamabdus.com/star/1.3/img/home/destination.jpg]
[themes.iamabdus.com/star/1.3/img/home/packages/packages-1.jpg]
[themes.iamabdus.com/star/1.3/img/home/packages/packages-2.jpg]
[themes.iamabdus.com/star/1.3/img/home/packages/packages-3.jpg]
[themes.iamabdus.com/star/1.3/img/home/packages/packages-4.jpg]
[themes.iamabdus.com/star/1.3/img/home/packages/packages-5.jpg]
[themes.iamabdus.com/star/1.3/img/home/packages/packages-6.jpg]
[themes.iamabdus.com/star/1.3/img/logo-color-sm.png]
[themes.iamabdus.com/star/1.3/img/home/gallery/gallery-1.jpg]
[themes.iamabdus.com/star/1.3/img/home/gallery/thumb-gallery-1.jpg]
[themes.iamabdus.com/star/1.3/img/home/gallery/gallery-2.jpg]
[themes.iamabdus.com/star/1.3/img/home/gallery/thumb-gallery-2.jpg]
[themes.iamabdus.com/star/1.3/img/home/gallery/gallery-3.jpg]
[themes.iamabdus.com/star/1.3/img/home/gallery/thumb-gallery-3.jpg]
[themes.iamabdus.com/star/1.3/img/home/gallery/gallery-4.jpg]
[themes.iamabdus.com/star/1.3/img/home/gallery/thumb-gallery-4.jpg]
[themes.iamabdus.com/star/1.3/img/home/gallery/gallery-5.jpg]
[themes.iamabdus.com/star/1.3/img/home/gallery/thumb-gallery-5.jpg]
[themes.iamabdus.com/star/1.3/img/home/gallery/gallery-6.jpg]
[themes.iamabdus.com/star/1.3/img/home/gallery/thumb-gallery-6.jpg]
[themes.iamabdus.com/star/1.3/plugins/jquery/jquery-2.2.4.min.js]
[themes.iamabdus.com/star/1.3/plugins/jquery/jquery-migrate-1.2.1.min.js]
[themes.iamabdus.com/star/1.3/plugins/jquery-ui/jquery-ui.min.js]
[themes.iamabdus.com/star/1.3/plugins/bootstrap/js/bootstrap.min.js]
[themes.iamabdus.com/star/1.3/plugins/revolution/js/jquery.themepunch.tools.min.js]
[themes.iamabdus.com/star/1.3/plugins/revolution/js/jquery.themepunch.revolution.min.js]
[themes.iamabdus.com/star/1.3/plugins/selectbox/jquery.selectbox-0.1.3.min.js]
[themes.iamabdus.com/star/1.3/plugins/datepicker/bootstrap-datepicker.js]
[themes.iamabdus.com/star/1.3/plugins/jquery/waypoints.min.js]
[themes.iamabdus.com/star/1.3/plugins/counter-up/jquery.counterup.min.js]
[themes.iamabdus.com/star/1.3/plugins/isotope/isotope.min.js]
[themes.iamabdus.com/star/1.3/plugins/isotope/jquery.fancybox.pack.js]
[themes.iamabdus.com/star/1.3/plugins/isotope/isotope-triger.js]
[themes.iamabdus.com/star/1.3/plugins/countdown/jquery.syotimer.js]
[themes.iamabdus.com/star/1.3/plugins/slick/slick.min.js]
[themes.iamabdus.com/star/1.3/js/custom.js]
[themes.iamabdus.com/star/1.3/options/optionswitch.css]
[themes.iamabdus.com/star/1.3/index.html]
[themes.iamabdus.com/star/1.3/options/optionswitcher.js]
[themes.iamabdus.com/star/1.3/plugins/jquery-ui/images/ui-icons_444444_256x240.png]
[themes.iamabdus.com/star/1.3/plugins/jquery-ui/images/ui-icons_555555_256x240.png]
[themes.iamabdus.com/star/1.3/plugins/jquery-ui/images/ui-icons_ffffff_256x240.png]
[themes.iamabdus.com/star/1.3/plugins/jquery-ui/images/ui-icons_777620_256x240.png]
[themes.iamabdus.com/star/1.3/plugins/jquery-ui/images/ui-icons_cc0000_256x240.png]
[themes.iamabdus.com/star/1.3/plugins/jquery-ui/images/ui-icons_777777_256x240.png]
[themes.iamabdus.com/star/1.3/plugins/jquery-ui/jquery-ui.min.css]
[themes.iamabdus.com/star/1.3/plugins/bootstrap/fonts/glyphicons-halflings-regular.eot]
[themes.iamabdus.com/star/1.3/plugins/bootstrap/fonts/glyphicons-halflings-regulard41d.eot]
[themes.iamabdus.com/star/1.3/plugins/bootstrap/fonts/glyphicons-halflings-regular.woff2]
[themes.iamabdus.com/star/1.3/plugins/bootstrap/fonts/glyphicons-halflings-regular.woff]
[themes.iamabdus.com/star/1.3/plugins/bootstrap/fonts/glyphicons-halflings-regular.ttf]
[themes.iamabdus.com/star/1.3/plugins/bootstrap/css/bootstrap.min.css]
[themes.iamabdus.com/star/1.3/plugins/bootstrap/fonts/glyphicons-halflings-regular.svg]
[themes.iamabdus.com/star/1.3/plugins/font-awesome/fonts/fontawesome-webfont3e6e.eot]
[themes.iamabdus.com/star/1.3/plugins/font-awesome/fonts/fontawesome-webfontd41d.eot]
[themes.iamabdus.com/star/1.3/plugins/font-awesome/fonts/fontawesome-webfont3e6e.woff2]
[themes.iamabdus.com/star/1.3/plugins/font-awesome/fonts/fontawesome-webfont3e6e.woff]
[themes.iamabdus.com/star/1.3/plugins/font-awesome/fonts/fontawesome-webfont3e6e.ttf]
[themes.iamabdus.com/star/1.3/plugins/font-awesome/css/font-awesome.min.css]
[themes.iamabdus.com/star/1.3/plugins/font-awesome/fonts/fontawesome-webfont3e6e.svg]
[themes.iamabdus.com/star/1.3/plugins/images/arrow-down-1.png]
[themes.iamabdus.com/star/1.3/plugins/selectbox/images/light-drop.png]
[themes.iamabdus.com/star/1.3/plugins/selectbox/select_option1.css]
[themes.iamabdus.com/star/1.3/plugins/datepicker/datepicker.css]
[themes.iamabdus.com/star/1.3/plugins/isotope/images/fancybox_sprite.png]
[themes.iamabdus.com/star/1.3/plugins/images/fancybox_loading.gif]
[themes.iamabdus.com/star/1.3/plugins/images/blank.gif]
[themes.iamabdus.com/star/1.3/plugins/images/fancybox_overlay.png]
[themes.iamabdus.com/star/1.3/plugins/isotope/jquery.fancybox.css]
[themes.iamabdus.com/star/1.3/plugins/isotope/isotope.css]
[themes.iamabdus.com/star/1.3/plugins/revolution/fonts/revicons/revicons90c6.eot]
[themes.iamabdus.com/star/1.3/plugins/revolution/fonts/revicons/revicons90c6.woff]
[themes.iamabdus.com/star/1.3/plugins/revolution/fonts/revicons/revicons90c6.ttf]
[themes.iamabdus.com/star/1.3/plugins/revolution/fonts/revicons/revicons90c6.svg]
[themes.iamabdus.com/star/1.3/plugins/revolution/css/openhand.cur]
[themes.iamabdus.com/star/1.3/plugins/revolution/css/closedhand.cur]
[themes.iamabdus.com/star/1.3/plugins/revolution/assets/gridtile.png]
[themes.iamabdus.com/star/1.3/plugins/revolution/assets/gridtile_white.png]
[themes.iamabdus.com/star/1.3/plugins/revolution/assets/gridtile_3x3.png]
[themes.iamabdus.com/star/1.3/plugins/revolution/assets/gridtile_3x3_white.png]
[themes.iamabdus.com/star/1.3/plugins/revolution/assets/coloredbg.png]
[themes.iamabdus.com/star/1.3/plugins/revolution/assets/loader.gif]
[themes.iamabdus.com/star/1.3/plugins/revolution/css/settings.css]
[themes.iamabdus.com/star/1.3/plugins/revolution/css/layers.css]
[themes.iamabdus.com/star/1.3/plugins/revolution/css/navigation.css]
[themes.iamabdus.com/star/1.3/img/home/devider.png]
[themes.iamabdus.com/star/1.3/plugins/selectbox/images/arrow-down-1.png]
[themes.iamabdus.com/star/1.3/plugins/selectbox/images/arrow-down-2.png]
[themes.iamabdus.com/star/1.3/plugins/selectbox/images/booking-drop.png]
[themes.iamabdus.com/star/1.3/plugins/selectbox/images/primary-drop.png]
[themes.iamabdus.com/star/1.3/img/logo.png]
[themes.iamabdus.com/star/1.3/img/logo-color-big.png]
[themes.iamabdus.com/star/1.3/img/logo-dark.png]
[themes.iamabdus.com/star/1.3/img/pages/page-title-bg.jpg]
[themes.iamabdus.com/star/1.3/img/home/promotion/promotion-1.jpg]
[themes.iamabdus.com/star/1.3/img/home/promotion/promotion-2.jpg]
[themes.iamabdus.com/star/1.3/img/blog/blog-single-02.png]
[themes.iamabdus.com/star/1.3/img/not-found/not-found-bg.jpg]
[themes.iamabdus.com/star/1.3/img/booking/alert-check.png]
[themes.iamabdus.com/star/1.3/img/coming-soon/coming-bg.jpg]
[themes.iamabdus.com/star/1.3/css/style.css]
[themes.iamabdus.com/star/1.3/css/colors/default.css]
[themes.iamabdus.com/star/1.3/index-2.html]
[themes.iamabdus.com/star/1.3/plugins/jquery-ui/jquery-ui.css]
[themes.iamabdus.com/star/1.3/plugins/slick/slick.css]
[themes.iamabdus.com/star/1.3/plugins/slick/slick-theme.css]
[themes.iamabdus.com/star/1.3/img/home-city/slider/slider-01.jpg]
[themes.iamabdus.com/star/1.3/img/home-city/slider/slider-02.jpg]
[themes.iamabdus.com/star/1.3/img/home-city/slider/slider-04.jpg]
[themes.iamabdus.com/star/1.3/img/packages/most-populer-img-01.jpg]
[themes.iamabdus.com/star/1.3/img/packages/most-populer-img-02.jpg]
[themes.iamabdus.com/star/1.3/img/packages/most-populer-img-03.jpg]
[themes.iamabdus.com/star/1.3/img/home-city/amazing-hotel-bg.jpg]
[themes.iamabdus.com/star/1.3/img/holets/hotel-list-10.jpg]
[themes.iamabdus.com/star/1.3/img/holets/hotel-list-11.jpg]
[themes.iamabdus.com/star/1.3/img/holets/hotel-list-12.jpg]
[themes.iamabdus.com/star/1.3/img/home-city/fooddrink-img-1.jpg]
[themes.iamabdus.com/star/1.3/img/home-city/sight-img-1.jpg]
[themes.iamabdus.com/star/1.3/img/home-city/sight-img-4.jpg]
[themes.iamabdus.com/star/1.3/img/home-city/sight-img-7.jpg]
[themes.iamabdus.com/star/1.3/img/home-city/sight-img-2.jpg]
[themes.iamabdus.com/star/1.3/img/home-city/sight-img-5.jpg]
[themes.iamabdus.com/star/1.3/img/home-city/sight-img-8.jpg]
[themes.iamabdus.com/star/1.3/img/home-city/sight-img-3.jpg]
[themes.iamabdus.com/star/1.3/img/home-city/sight-img-6.jpg]
[themes.iamabdus.com/star/1.3/img/home-city/sight-img-9.jpg]
[themes.iamabdus.com/star/img/home-city/exclusive-day-bg.jpg]
[themes.iamabdus.com/star/1.3/img/home-city/slider/photo-slider-01.jpg]
[themes.iamabdus.com/star/1.3/img/home-city/slider/photo-slider-02.jpg]
[themes.iamabdus.com/star/1.3/img/home-city/slider/photo-slider-03.jpg]
[themes.iamabdus.com/star/1.3/img/home-city/tour-guide-img.png]
[themes.iamabdus.com/star/1.3/img/home-city/travel-tips-img-1.jpg]
[themes.iamabdus.com/star/1.3/img/home-city/travel-tips-img-2.jpg]
[themes.iamabdus.com/star/1.3/img/home-city/subscribs-bg.jpg]
[themes.iamabdus.com/star/1.3/index-v2.html]
[themes.iamabdus.com/star/1.3/img/home/slider/slider-07.jpg]
[themes.iamabdus.com/star/1.3/1&title=0&byline=0&portrait=0&api=1_]
[themes.iamabdus.com/star/1.3/img/home/packages/our-packages-01.jpg]
[themes.iamabdus.com/star/1.3/img/home/packages/our-packages-02.jpg]
[themes.iamabdus.com/star/1.3/img/home/packages/our-packages-03.jpg]
[themes.iamabdus.com/star/1.3/img/home/packages/our-packages-04.jpg]
[themes.iamabdus.com/star/1.3/img/home/packages/our-packages-05.jpg]
[themes.iamabdus.com/star/1.3/img/home/packages/our-packages-06.jpg]
[themes.iamabdus.com/star/1.3/img/home-destination/offer-section-bg.jpg]
[themes.iamabdus.com/star/1.3/img/home-destination/video-section-bg.jpg]
[themes.iamabdus.com/star/1.3/img/home-destination/destination/destination-img-01.jpg]
[themes.iamabdus.com/star/1.3/img/home-destination/destination/destination-img-02.jpg]
[themes.iamabdus.com/star/1.3/img/home-destination/destination/destination-img-03.jpg]
[themes.iamabdus.com/star/1.3/img/home-destination/destination/destination-img-04.jpg]
[themes.iamabdus.com/star/1.3/img/home-destination/destination/destination-img-05.jpg]
[themes.iamabdus.com/star/1.3/img/home-destination/destination/destination-img-06.jpg]
[themes.iamabdus.com/star/1.3/img/home-destination/package-sale-bg.jpg]
[themes.iamabdus.com/star/1.3/img/home-destination/destination/get-city-img-01.jpg]
[themes.iamabdus.com/star/1.3/img/home-destination/destination/get-city-img-02.jpg]
[themes.iamabdus.com/star/1.3/img/home-destination/destination/get-city-img-03.jpg]
[themes.iamabdus.com/star/1.3/img/home-destination/slider/logo-01.png]
[themes.iamabdus.com/star/1.3/img/home-destination/slider/logo-02.png]
[themes.iamabdus.com/star/1.3/img/home-destination/slider/logo-03.png]
[themes.iamabdus.com/star/1.3/img/home-destination/slider/logo-04.png]
[themes.iamabdus.com/star/1.3/index-v3.html]
[themes.iamabdus.com/star/1.3/img/pages/page-title-bg9.jpg]
[themes.iamabdus.com/star/1.3/img/packages/package-01.jpg]
[themes.iamabdus.com/star/1.3/img/packages/package-02.jpg]
[themes.iamabdus.com/star/1.3/img/packages/package-03.jpg]
[themes.iamabdus.com/star/1.3/img/packages/package-04.jpg]
[themes.iamabdus.com/star/1.3/img/packages/package-05.jpg]
[themes.iamabdus.com/star/1.3/img/packages/package-06.jpg]
[themes.iamabdus.com/star/1.3/packages-grid-left-sidebar.html]
[themes.iamabdus.com/star/1.3/packages-grid-right-sidebar.html]
[themes.iamabdus.com/star/1.3/packages-grid.html]
[themes.iamabdus.com/star/1.3/img/pages/page-title-bg6.jpg]
[themes.iamabdus.com/star/1.3/img/packages/package-list-01.jpg]
[themes.iamabdus.com/star/1.3/img/packages/package-list-02.jpg]
[themes.iamabdus.com/star/1.3/img/packages/package-list-03.jpg]
[themes.iamabdus.com/star/1.3/img/packages/package-list-04.jpg]
[themes.iamabdus.com/star/1.3/img/packages/package-list-05.jpg]
[themes.iamabdus.com/star/1.3/img/packages/package-list-06.jpg]
[themes.iamabdus.com/star/1.3/img/packages/package-list-07.jpg]
[themes.iamabdus.com/star/1.3/img/packages/package-list-08.jpg]
[themes.iamabdus.com/star/1.3/img/packages/package-list-09.jpg]
[themes.iamabdus.com/star/1.3/packages-list-left-sidebar.html]
[themes.iamabdus.com/star/1.3/packages-list-right-sidebar.html]
[themes.iamabdus.com/star/1.3/packages-list.html]
[themes.iamabdus.com/star/1.3/img/pages/page-title-bg13.jpg]
[themes.iamabdus.com/star/1.3/img/packages/package-slider-03.jpg]
[themes.iamabdus.com/star/1.3/img/packages/package-slider-04.jpg]
[themes.iamabdus.com/star/1.3/img/packages/package-slider-05.jpg]
[themes.iamabdus.com/star/1.3/img/blog/comments-02.jpg]
[themes.iamabdus.com/star/1.3/img/blog/comments-01.jpg]
[themes.iamabdus.com/star/1.3/img/blog/comments-03.jpg]
[themes.iamabdus.com/star/1.3/single-package-left-sidebar.html]
[themes.iamabdus.com/star/1.3/single-package-right-sidebar.html]
[themes.iamabdus.com/star/1.3/single-package-fullwidth.html]
[themes.iamabdus.com/star/1.3/img/pages/page-title-bg7.jpg]
[themes.iamabdus.com/star/1.3/img/booking/booking.jpg]
[themes.iamabdus.com/star/1.3/booking-1.html]
[themes.iamabdus.com/star/1.3/img/booking/master-card.jpg]
[themes.iamabdus.com/star/1.3/img/booking/discover.jpg]
[themes.iamabdus.com/star/1.3/img/booking/visa.jpg]
[themes.iamabdus.com/star/1.3/img/booking/paypal.jpg]
[themes.iamabdus.com/star/1.3/booking-2.html]
[themes.iamabdus.com/star/1.3/img/booking/booking-complete.jpg]
[themes.iamabdus.com/star/1.3/booking-3.html]
[themes.iamabdus.com/star/1.3/img/pages/page-title-bg12.jpg]
[themes.iamabdus.com/star/1.3/img/holets/hotel-list-01.jpg]
[themes.iamabdus.com/star/1.3/img/holets/hotel-list-02.jpg]
[themes.iamabdus.com/star/1.3/img/holets/hotel-list-03.jpg]
[themes.iamabdus.com/star/1.3/img/holets/hotel-list-04.jpg]
[themes.iamabdus.com/star/1.3/img/holets/hotel-list-05.jpg]
[themes.iamabdus.com/star/1.3/img/holets/hotel-list-06.jpg]
[themes.iamabdus.com/star/1.3/img/holets/hotel-list-07.jpg]
[themes.iamabdus.com/star/1.3/img/holets/hotel-list-08.jpg]
[themes.iamabdus.com/star/1.3/img/holets/hotel-list-09.jpg]
[themes.iamabdus.com/star/1.3/hotels-grid-left-sidebar.html]
[themes.iamabdus.com/star/1.3/hotels-grid-right-sidebar.html]
[themes.iamabdus.com/star/1.3/hotels-grid.html]
[themes.iamabdus.com/star/1.3/img/pages/page-title-bg11.jpg]
[themes.iamabdus.com/star/1.3/hotels-list-left-sidebar.html]
[themes.iamabdus.com/star/1.3/hotels-list-right-sidebar.html]
[themes.iamabdus.com/star/1.3/hotels-list.html]
[themes.iamabdus.com/star/1.3/img/holets/hotel-slider-01.jpg]
[themes.iamabdus.com/star/1.3/img/holets/hotel-slider-02.jpg]
[themes.iamabdus.com/star/1.3/img/holets/hotel-slider-03.jpg]
[themes.iamabdus.com/star/1.3/img/packages/shape-icon-1.png]
[themes.iamabdus.com/star/1.3/img/packages/shape-icon-2.png]
[themes.iamabdus.com/star/1.3/img/packages/shape-icon-3.png]
[themes.iamabdus.com/star/1.3/single-hotel-left-sidebar.html]
[themes.iamabdus.com/star/1.3/single-hotel-right-sidebar.html]
[themes.iamabdus.com/star/1.3/single-hotel-fullwidth.html]
[themes.iamabdus.com/star/1.3/img/about-us/team-01.jpg]
[themes.iamabdus.com/star/1.3/img/about-us/team-02.jpg]
[themes.iamabdus.com/star/1.3/img/about-us/team-03.jpg]
[themes.iamabdus.com/star/1.3/about-us.html]
[themes.iamabdus.com/star/1.3/img/pages/page-title-bg5.jpg]
[themes.iamabdus.com/star/1.3/contact.html]
[themes.iamabdus.com/star/1.3/img/pages/page-title-bg8.jpg]
[themes.iamabdus.com/star/1.3/gallery-grid.html]
[themes.iamabdus.com/star/1.3/img/packages/masonry-01.jpg]
[themes.iamabdus.com/star/1.3/img/packages/masonry-02.jpg]
[themes.iamabdus.com/star/1.3/img/packages/masonry-03.jpg]
[themes.iamabdus.com/star/1.3/img/packages/masonry-04.jpg]
[themes.iamabdus.com/star/1.3/img/packages/masonry-07.jpg]
[themes.iamabdus.com/star/1.3/img/packages/masonry-06.jpg]
[themes.iamabdus.com/star/1.3/img/packages/masonry-05.jpg]
[themes.iamabdus.com/star/1.3/img/packages/masonry-08.jpg]
[themes.iamabdus.com/star/1.3/img/packages/masonry-09.jpg]
[themes.iamabdus.com/star/1.3/gallery-masonry.html]
[themes.iamabdus.com/star/1.3/img/gallery/gallery-single-thumb-01.jpg]
[themes.iamabdus.com/star/1.3/img/gallery/gallery-single-thumb-02.jpg]
[themes.iamabdus.com/star/1.3/img/gallery/gallery-single-thumb-03.jpg]
[themes.iamabdus.com/star/1.3/img/gallery/gallery-single-slider-01.jpg]
[themes.iamabdus.com/star/1.3/img/gallery/gallery-single-slider-02.jpg]
[themes.iamabdus.com/star/1.3/img/gallery/gallery-single-slider-03.jpg]
[themes.iamabdus.com/star/1.3/img/packages/package-related-01.jpg]
[themes.iamabdus.com/star/1.3/img/packages/package-related-02.jpg]
[themes.iamabdus.com/star/1.3/img/packages/package-related-03.jpg]
[themes.iamabdus.com/star/1.3/gallery-photo-slider.html]
[themes.iamabdus.com/star/1.3/img/pages/page-title-bg3.jpg]
[themes.iamabdus.com/star/1.3/img/cities/cities-big-01.jpg]
[themes.iamabdus.com/star/1.3/img/cities/cities-sm-01.jpg]
[themes.iamabdus.com/star/1.3/img/cities/cities-sm-02.jpg]
[themes.iamabdus.com/star/1.3/img/cities/cities-big-02.jpg]
[themes.iamabdus.com/star/1.3/img/cities/cities-sm-03.jpg]
[themes.iamabdus.com/star/1.3/img/cities/cities-sm-04.jpg]
[themes.iamabdus.com/star/1.3/img/cities/cities-big-03.jpg]
[themes.iamabdus.com/star/1.3/img/cities/cities-sm-05.jpg]
[themes.iamabdus.com/star/1.3/img/cities/cities-sm-06.jpg]
[themes.iamabdus.com/star/1.3/img/cities/cities-big-04.jpg]
[themes.iamabdus.com/star/1.3/img/cities/cities-sm-07.jpg]
[themes.iamabdus.com/star/1.3/img/cities/cities-sm-08.jpg]
[themes.iamabdus.com/star/1.3/destination-cities.html]
[themes.iamabdus.com/star/1.3/img/packages/package-slider-01.jpg]
[themes.iamabdus.com/star/1.3/img/cities/weather-bg.jpg]
[themes.iamabdus.com/star/1.3/img/icons/cloud.png]
[themes.iamabdus.com/star/1.3/img/icons/cloud-rain.png]
[themes.iamabdus.com/star/1.3/img/icons/sun.png]
[themes.iamabdus.com/star/1.3/img/icons/cloud-sm.png]
[themes.iamabdus.com/star/1.3/destination-single-city.html]
[themes.iamabdus.com/star/1.3/img/not-found/not-found.png]
[themes.iamabdus.com/star/1.3/404.html]
[themes.iamabdus.com/star/1.3/plugins/rs-plugin/revolution/css/settings.css]
[themes.iamabdus.com/star/1.3/plugins/rs-plugin/revolution/css/layers.css]
[themes.iamabdus.com/star/1.3/plugins/rs-plugin/revolution/css/navigation.css]
[themes.iamabdus.com/star/1.3/img/logo-icon.png]
[themes.iamabdus.com/star/1.3/plugins/rs-plugin/revolution/js/jquery.themepunch.tools.min.js]
[themes.iamabdus.com/star/1.3/plugins/rs-plugin/revolution/js/jquery.themepunch.revolution.min.js]
[themes.iamabdus.com/star/1.3/coming-soon.html]
[themes.iamabdus.com/star/1.3/img/pages/page-title-bg4.jpg]
[themes.iamabdus.com/star/1.3/img/blog/blog-01.jpg]
[themes.iamabdus.com/star/1.3/img/blog/blog-02.jpg]
[themes.iamabdus.com/star/1.3/img/blog/blog-03.jpg]
[themes.iamabdus.com/star/1.3/img/blog/blog-04.jpg]
[themes.iamabdus.com/star/1.3/img/blog/blog-05.jpg]
[themes.iamabdus.com/star/1.3/img/blog/blog-06.jpg]
[themes.iamabdus.com/star/1.3/blog-grid-three-col.html]
[themes.iamabdus.com/star/1.3/blog-grid-two-col.html]
[themes.iamabdus.com/star/1.3/img/blog/tab-01.jpg]
[themes.iamabdus.com/star/1.3/img/blog/tab-02.jpg]
[themes.iamabdus.com/star/1.3/img/blog/tab-03.jpg]
[themes.iamabdus.com/star/1.3/img/blog/tab-04.jpg]
[themes.iamabdus.com/star/1.3/img/blog/instagram-01.jpg]
[themes.iamabdus.com/star/1.3/img/blog/instagram-02.jpg]
[themes.iamabdus.com/star/1.3/img/blog/instagram-03.jpg]
[themes.iamabdus.com/star/1.3/img/blog/instagram-04.jpg]
[themes.iamabdus.com/star/1.3/img/blog/instagram-05.jpg]
[themes.iamabdus.com/star/1.3/img/blog/instagram-06.jpg]
[themes.iamabdus.com/star/1.3/blog-list-right-sidebar.html]
[themes.iamabdus.com/star/1.3/blog-list-left-sidebar.html]
[themes.iamabdus.com/star/1.3/blog-list-fullwidth.html]
[themes.iamabdus.com/star/1.3/img/blog/blog-single-01.jpg]
[themes.iamabdus.com/star/1.3/img/blog/comments-04.jpg]
[themes.iamabdus.com/star/1.3/blog-single-right-sidebar.html]
[themes.iamabdus.com/star/1.3/blog-single-left-sidebar.html]
[themes.iamabdus.com/star/1.3/img/dashboard/dash-user.jpg]
[themes.iamabdus.com/star/1.3/img/dashboard/recent-offer-01.jpg]
[themes.iamabdus.com/star/1.3/dashboard.html]
[themes.iamabdus.com/star/1.3/booking.html]
[themes.iamabdus.com/star/1.3/img/dashboard/profile-img-01.jpg]
[themes.iamabdus.com/star/1.3/profile.html]
[themes.iamabdus.com/star/1.3/setting.html]
[themes.iamabdus.com/star/1.3/img/pages/page-title-bg10.jpg]
[themes.iamabdus.com/star/1.3/img/toggle/toggle-01.jpg]
[themes.iamabdus.com/star/1.3/img/toggle/toggle-02.jpg]
[themes.iamabdus.com/star/1.3/accordion-and-toggles.html]
[themes.iamabdus.com/star/1.3/img/packages/tab-01.jpg]
[themes.iamabdus.com/star/1.3/img/packages/tab-02.jpg]
[themes.iamabdus.com/star/1.3/img/packages/tab-03.jpg]
[themes.iamabdus.com/star/1.3/tabs-and-dropdown.html]
[themes.iamabdus.com/star/1.3/img/price/price-01.jpg]
[themes.iamabdus.com/star/1.3/img/price/price-02.jpg]
[themes.iamabdus.com/star/1.3/img/price/price-03.jpg]
[themes.iamabdus.com/star/1.3/img/price/price-04.jpg]
[themes.iamabdus.com/star/1.3/pricing-table.html]
[themes.iamabdus.com/star/1.3/options/optionswitch.css]
[themes.iamabdus.com/star/1.3/plugins/jquery-ui/images/ui-icons_444444_256x240.html]
[themes.iamabdus.com/star/1.3/plugins/jquery-ui/images/ui-icons_555555_256x240.html]
[themes.iamabdus.com/star/1.3/plugins/jquery-ui/images/ui-icons_ffffff_256x240.html]
[themes.iamabdus.com/star/1.3/plugins/jquery-ui/images/ui-icons_777620_256x240.html]
[themes.iamabdus.com/star/1.3/plugins/jquery-ui/images/ui-icons_cc0000_256x240.html]
[themes.iamabdus.com/star/1.3/plugins/jquery-ui/images/ui-icons_777777_256x240.html]
[themes.iamabdus.com/star/1.3/plugins/bootstrap/fonts/glyphicons-halflings-regular.svg]
[themes.iamabdus.com/star/1.3/plugins/font-awesome/fonts/fontawesome-webfont3e6e.svg]
[themes.iamabdus.com/star/1.3/plugins/images/arrow-down-1.html]
[themes.iamabdus.com/star/1.3/plugins/images/fancybox_loading.html]
[themes.iamabdus.com/star/1.3/plugins/images/blank.html]
[themes.iamabdus.com/star/1.3/plugins/images/fancybox_overlay.html]
[themes.iamabdus.com/star/1.3/plugins/revolution/fonts/revicons/revicons90c6.svg]
[themes.iamabdus.com/star/1.3/plugins/jquery-ui/jquery-ui.css]
[themes.iamabdus.com/star/1.3/plugins/slick/slick.css]
[themes.iamabdus.com/star/1.3/plugins/slick/ajax-loader.gif]
[themes.iamabdus.com/star/1.3/plugins/slick/fonts/slick.eot]
[themes.iamabdus.com/star/1.3/plugins/slick/fonts/slickd41d.eot]
[themes.iamabdus.com/star/1.3/plugins/slick/fonts/slick.woff]
[themes.iamabdus.com/star/1.3/plugins/slick/fonts/slick.ttf]
[themes.iamabdus.com/star/1.3/plugins/slick/slick-theme.css]
[themes.iamabdus.com/star/img/home-city/exclusive-day-bg.html]
[themes.iamabdus.com/star/1.3/1&title=0&byline=0&portrait=0&api=1_.html]
[themes.iamabdus.com/star/1.3/plugins/rs-plugin/revolution/css/settings.html]
[themes.iamabdus.com/star/1.3/plugins/rs-plugin/revolution/css/layers.html]
[themes.iamabdus.com/star/1.3/plugins/rs-plugin/revolution/css/navigation.html]
[themes.iamabdus.com/star/1.3/plugins/rs-plugin/revolution/js/jquery.themepunch.tools.min.html]
[themes.iamabdus.com/star/1.3/plugins/rs-plugin/revolution/js/jquery.themepunch.revolution.min.html]
[themes.iamabdus.com/star/1.3/plugins/slick/fonts/slick.svg]
[themes.iamabdus.com/star/1.3/plugins/slick/fonts/slick.svg]
